InstanceofTotalPattern.java:18:30: compiler.warn.preview.feature.use.plural: (compiler.misc.feature.total.patterns.in.instanceof)
InstanceofTotalPattern.java:22:28: compiler.warn.preview.feature.use.plural: (compiler.misc.feature.total.patterns.in.instanceof)
2 warnings
